// Jest Snapshot v1, https://goo.gl/fbAQLP

exports[`landing should render Landing Component 1`] = `
Object {
  "asFragment": [Function],
  "baseElement": <body>
    <div>
      <div
        class="sc-bdfBwQ bJeKWn"
      >
        <nav
          class="sc-gsTCUz cKRcxm"
        >
          <nav
            class="sc-dlfnbm fxihgT"
          >
            <span
              class="sc-hKgILt hnuySZ"
            >
              Shopping
            </span>
          </nav>
          <nav
            class="sc-eCssSg kovFzu"
          >
            <div
              style="width: 40px; height: 40px; border-radius: 25px; background-color: rgb(102, 102, 102);"
            />
             
            <span
              class="sc-jSgupP gNaAFZ"
            >
              John doe
            </span>
          </nav>
        </nav>
        <main
          class="sc-gKsewC jLVesz"
        >
          <section
            class="sc-iBPRYJ dYemLy"
          >
            <div
              class="sc-pFZIQ iBhVVZ"
            />
          </section>
          <aside
            class="sc-kstrdz cRLqoW"
          >
            <p
              class="sc-fFubgz bTuLHK"
            >
              Shopping Cart
            </p>
            <div
              class="sc-hBEYos jTeIkF"
            />
            <div
              class="sc-fodVxV hVYtmE"
            >
              <input
                aria-label="Discount"
                class="sc-bYEvPH iolMaG"
                placeholder="Discount code"
                value=""
              />
              <button
                class="sc-kLgntA esJTBh"
              >
                APPLY
              </button>
            </div>
            <div
              class="sc-dIUggk jUzZkq"
            >
              <p
                class="sc-idOhPF gTcBvD"
              >
                Subtotal
                <span>
                  $ 0.00
                </span>
                 
              </p>
              <p
                class="sc-idOhPF gTcBvD"
              >
                Shipping:
                <span>
                  $ 0.00
                </span>
                 
              </p>
              <p
                class="sc-idOhPF gTcBvD"
              >
                Discount:
                <span>
                  $ 0.00
                </span>
                 
              </p>
              <div
                class="sc-bkzZxe dOJPnG"
              >
                <p
                  class="sc-idOhPF gTcBvD"
                  style="color: rgb(51, 51, 51);"
                >
                  Total:
                  <span>
                    $ 0.00
                  </span>
                   
                </p>
              </div>
            </div>
            <button
              class="sc-iktFzd hxXOri"
            >
              CHECKOUT
            </button>
          </aside>
        </main>
      </div>
    </div>
  </body>,
  "container": <div>
    <div
      class="sc-bdfBwQ bJeKWn"
    >
      <nav
        class="sc-gsTCUz cKRcxm"
      >
        <nav
          class="sc-dlfnbm fxihgT"
        >
          <span
            class="sc-hKgILt hnuySZ"
          >
            Shopping
          </span>
        </nav>
        <nav
          class="sc-eCssSg kovFzu"
        >
          <div
            style="width: 40px; height: 40px; border-radius: 25px; background-color: rgb(102, 102, 102);"
          />
           
          <span
            class="sc-jSgupP gNaAFZ"
          >
            John doe
          </span>
        </nav>
      </nav>
      <main
        class="sc-gKsewC jLVesz"
      >
        <section
          class="sc-iBPRYJ dYemLy"
        >
          <div
            class="sc-pFZIQ iBhVVZ"
          />
        </section>
        <aside
          class="sc-kstrdz cRLqoW"
        >
          <p
            class="sc-fFubgz bTuLHK"
          >
            Shopping Cart
          </p>
          <div
            class="sc-hBEYos jTeIkF"
          />
          <div
            class="sc-fodVxV hVYtmE"
          >
            <input
              aria-label="Discount"
              class="sc-bYEvPH iolMaG"
              placeholder="Discount code"
              value=""
            />
            <button
              class="sc-kLgntA esJTBh"
            >
              APPLY
            </button>
          </div>
          <div
            class="sc-dIUggk jUzZkq"
          >
            <p
              class="sc-idOhPF gTcBvD"
            >
              Subtotal
              <span>
                $ 0.00
              </span>
               
            </p>
            <p
              class="sc-idOhPF gTcBvD"
            >
              Shipping:
              <span>
                $ 0.00
              </span>
               
            </p>
            <p
              class="sc-idOhPF gTcBvD"
            >
              Discount:
              <span>
                $ 0.00
              </span>
               
            </p>
            <div
              class="sc-bkzZxe dOJPnG"
            >
              <p
                class="sc-idOhPF gTcBvD"
                style="color: rgb(51, 51, 51);"
              >
                Total:
                <span>
                  $ 0.00
                </span>
                 
              </p>
            </div>
          </div>
          <button
            class="sc-iktFzd hxXOri"
          >
            CHECKOUT
          </button>
        </aside>
      </main>
    </div>
  </div>,
  "debug": [Function],
  "findAllByAltText": [Function],
  "findAllByDisplayValue": [Function],
  "findAllByLabelText": [Function],
  "findAllByPlaceholderText": [Function],
  "findAllByRole": [Function],
  "findAllByTestId": [Function],
  "findAllByText": [Function],
  "findAllByTitle": [Function],
  "findByAltText": [Function],
  "findByDisplayValue": [Function],
  "findByLabelText": [Function],
  "findByPlaceholderText": [Function],
  "findByRole": [Function],
  "findByTestId": [Function],
  "findByText": [Function],
  "findByTitle": [Function],
  "getAllByAltText": [Function],
  "getAllByDisplayValue": [Function],
  "getAllByLabelText": [Function],
  "getAllByPlaceholderText": [Function],
  "getAllByRole": [Function],
  "getAllByTestId": [Function],
  "getAllByText": [Function],
  "getAllByTitle": [Function],
  "getByAltText": [Function],
  "getByDisplayValue": [Function],
  "getByLabelText": [Function],
  "getByPlaceholderText": [Function],
  "getByRole": [Function],
  "getByTestId": [Function],
  "getByText": [Function],
  "getByTitle": [Function],
  "queryAllByAltText": [Function],
  "queryAllByDisplayValue": [Function],
  "queryAllByLabelText": [Function],
  "queryAllByPlaceholderText": [Function],
  "queryAllByRole": [Function],
  "queryAllByTestId": [Function],
  "queryAllByText": [Function],
  "queryAllByTitle": [Function],
  "queryByAltText": [Function],
  "queryByDisplayValue": [Function],
  "queryByLabelText": [Function],
  "queryByPlaceholderText": [Function],
  "queryByRole": [Function],
  "queryByTestId": [Function],
  "queryByText": [Function],
  "queryByTitle": [Function],
  "rerender": [Function],
  "unmount": [Function],
}
`;
